--------------------------------------------------------------------------------
Release 14.3 Trace  (lin64)
Copyright (c) 1995-2012 Xilinx, Inc.  All rights reserved.

/media/storage/Xilinx/14.3/14.3/ISE_DS/ISE/bin/lin64/unwrapped/trce -e 3
-intstyle xflow -xml NEXYS3.twx NEXYS3.ncd NEXYS3.pcf

Design file:              NEXYS3.ncd
Physical constraint file: NEXYS3.pcf
Device,package,speed:     xc6slx16,csg324,C,-3 (PRODUCTION 1.23 2012-10-12)
Report level:             error report

Environment Variable      Effect 
--------------------      ------ 
NONE                      No environment variables were set
--------------------------------------------------------------------------------

INFO:Timing:3412 - To improve timing, see the Timing Closure User Guide (UG612).
INFO:Timing:2752 - To get complete path coverage, use the unconstrained paths 
   option. All paths that are not constrained will be reported in the 
   unconstrained paths section(s) of the report.
INFO:Timing:3339 - The clock-to-out numbers in this timing report are based on 
   a 50 Ohm transmission line loading model.  For the details of this model, 
   and for more information on accounting for different loading conditions, 
   please see the device datasheet.

================================================================================
Timing constraint: TS_CLK = PERIOD TIMEGRP "CLK_IN" 10 ns HIGH 50% INPUT_JITTER 
0.05 ns;
For more information, see Period Analysis in the Timing Closure User Guide (UG612).

 0 paths analyzed, 0 endpoints analyzed, 0 failing endpoints
 0 timing errors detected. (0 component switching limit errors)
 Minimum period is   5.340ns.
--------------------------------------------------------------------------------

================================================================================
Timing constraint: TS_RXCLK = PERIOD TIMEGRP "RXCLK" 40 ns HIGH 50%;
For more information, see Period Analysis in the Timing Closure User Guide (UG612).

 0 paths analyzed, 0 endpoints analyzed, 0 failing endpoints
 0 timing errors detected. (0 component switching limit errors)
 Minimum period is  16.000ns.
--------------------------------------------------------------------------------

================================================================================
Timing constraint: TS_clkdv = PERIOD TIMEGRP "clkdv" TS_CLK * 2 HIGH 50% 
INPUT_JITTER 0.05 ns;
For more information, see Period Analysis in the Timing Closure User Guide (UG612).

 50933 paths analyzed, 6114 endpoints analyzed, 0 failing endpoints
 0 timing errors detected. (0 setup errors, 0 hold errors, 0 component switching limit errors)
 Minimum period is   9.833ns.
--------------------------------------------------------------------------------

================================================================================
Timing constraint: TS_INTERNAL_RXCLK_BUF = PERIOD TIMEGRP "INTERNAL_RXCLK_BUF" 
TS_RXCLK PHASE         2.1875 ns HIGH 50%;
For more information, see Period Analysis in the Timing Closure User Guide (UG612).

 1792 paths analyzed, 902 endpoints analyzed, 0 failing endpoints
 0 timing errors detected. (0 setup errors, 0 hold errors, 0 component switching limit errors)
 Minimum period is   5.836ns.
--------------------------------------------------------------------------------

================================================================================
Timing constraint: TIMEGRP "IN_GMII" OFFSET = IN 10 ns VALID 20 ns BEFORE COMP 
"RXCLK";
For more information, see Offset In Analysis in the Timing Closure User Guide (UG612).

 6 paths analyzed, 6 endpoints analyzed, 0 failing endpoints
 0 timing errors detected. (0 setup errors, 0 hold errors)
 Minimum allowable offset is   0.639ns.
--------------------------------------------------------------------------------


Derived Constraint Report
Derived Constraints for TS_CLK
+-------------------------------+-------------+-------------+-------------+-------------+-------------+-------------+-------------+
|                               |   Period    |       Actual Period       |      Timing Errors        |      Paths Analyzed       |
|           Constraint          | Requirement |-------------+-------------|-------------+-------------|-------------+-------------|
|                               |             |   Direct    | Derivative  |   Direct    | Derivative  |   Direct    | Derivative  |
+-------------------------------+-------------+-------------+-------------+-------------+-------------+-------------+-------------+
|TS_CLK                         |     10.000ns|      5.340ns|      4.917ns|            0|            0|            0|        50933|
| TS_clkdv                      |     20.000ns|      9.833ns|          N/A|            0|            0|        50933|            0|
+-------------------------------+-------------+-------------+-------------+-------------+-------------+-------------+-------------+

Derived Constraints for TS_RXCLK
+-------------------------------+-------------+-------------+-------------+-------------+-------------+-------------+-------------+
|                               |   Period    |       Actual Period       |      Timing Errors        |      Paths Analyzed       |
|           Constraint          | Requirement |-------------+-------------|-------------+-------------|-------------+-------------|
|                               |             |   Direct    | Derivative  |   Direct    | Derivative  |   Direct    | Derivative  |
+-------------------------------+-------------+-------------+-------------+-------------+-------------+-------------+-------------+
|TS_RXCLK                       |     40.000ns|     16.000ns|      5.836ns|            0|            0|            0|         1792|
| TS_INTERNAL_RXCLK_BUF         |     40.000ns|      5.836ns|          N/A|            0|            0|         1792|            0|
+-------------------------------+-------------+-------------+-------------+-------------+-------------+-------------+-------------+

All constraints were met.


Data Sheet report:
-----------------
All values displayed in nanoseconds (ns)

Setup/Hold to clock RXCLK
------------+------------+------------+------------+------------+------------------+--------+
            |Max Setup to|  Process   |Max Hold to |  Process   |                  | Clock  |
Source      | clk (edge) |   Corner   | clk (edge) |   Corner   |Internal Clock(s) | Phase  |
------------+------------+------------+------------+------------+------------------+--------+
RXD<0>      |    0.267(R)|      SLOW  |    1.339(R)|      FAST  |INTERNAL_RXCLK    |   2.187|
RXD<1>      |    0.293(R)|      SLOW  |    1.322(R)|      FAST  |INTERNAL_RXCLK    |   2.187|
RXD<2>      |    0.162(R)|      SLOW  |    1.409(R)|      FAST  |INTERNAL_RXCLK    |   2.187|
RXD<3>      |    0.477(R)|      SLOW  |    1.241(R)|      FAST  |INTERNAL_RXCLK    |   2.187|
RXDV        |    0.583(R)|      SLOW  |    1.128(R)|      FAST  |INTERNAL_RXCLK    |   2.187|
RXER        |    0.639(R)|      SLOW  |    1.147(R)|      FAST  |INTERNAL_RXCLK    |   2.187|
------------+------------+------------+------------+------------+------------------+--------+

Clock to Setup on destination clock CLK_IN
---------------+---------+---------+---------+---------+
               | Src:Rise| Src:Fall| Src:Rise| Src:Fall|
Source Clock   |Dest:Rise|Dest:Rise|Dest:Fall|Dest:Fall|
---------------+---------+---------+---------+---------+
CLK_IN         |    9.833|         |         |         |
---------------+---------+---------+---------+---------+

Clock to Setup on destination clock RXCLK
---------------+---------+---------+---------+---------+
               | Src:Rise| Src:Fall| Src:Rise| Src:Fall|
Source Clock   |Dest:Rise|Dest:Rise|Dest:Fall|Dest:Fall|
---------------+---------+---------+---------+---------+
RXCLK          |    5.836|         |         |         |
---------------+---------+---------+---------+---------+

TIMEGRP "IN_GMII" OFFSET = IN 10 ns VALID 20 ns BEFORE COMP "RXCLK";
Worst Case Data Window 2.048; Ideal Clock Offset To Actual Clock -0.385; 
------------------+------------+------------+------------+------------+---------+---------+-------------+
                  |            |  Process   |            |  Process   |  Setup  |  Hold   |Source Offset|
Source            |   Setup    |   Corner   |    Hold    |   Corner   |  Slack  |  Slack  |  To Center  |
------------------+------------+------------+------------+------------+---------+---------+-------------+
RXD<0>            |    0.267(R)|      SLOW  |    1.339(R)|      FAST  |    9.733|    8.661|        0.536|
RXD<1>            |    0.293(R)|      SLOW  |    1.322(R)|      FAST  |    9.707|    8.678|        0.515|
RXD<2>            |    0.162(R)|      SLOW  |    1.409(R)|      FAST  |    9.838|    8.591|        0.623|
RXD<3>            |    0.477(R)|      SLOW  |    1.241(R)|      FAST  |    9.523|    8.759|        0.382|
RXDV              |    0.583(R)|      SLOW  |    1.128(R)|      FAST  |    9.417|    8.872|        0.272|
RXER              |    0.639(R)|      SLOW  |    1.147(R)|      FAST  |    9.361|    8.853|        0.254|
------------------+------------+------------+------------+------------+---------+---------+-------------+
Worst Case Summary|       0.639|         -  |       1.409|         -  |    9.361|    8.591|             |
------------------+------------+------------+------------+------------+---------+---------+-------------+


Timing summary:
---------------

Timing errors: 0  Score: 0  (Setup/Max: 0, Hold: 0)

Constraints cover 52731 paths, 0 nets, and 13618 connections

Design statistics:
   Minimum period:  16.000ns   (Maximum frequency:  62.500MHz)
   Minimum input required time before clock:   0.639ns


Analysis completed Wed Jun 18 20:43:02 2014 
--------------------------------------------------------------------------------

Trace Settings:
-------------------------
Trace Settings 

Peak Memory Usage: 438 MB



