Copyright 1986-2015 Xilinx, Inc. All Rights Reserved.
------------------------------------------------------------------------------------
| Tool Version : Vivado v.2015.2 (lin64) Build 1266856 Fri Jun 26 16:35:25 MDT 2015
| Date         : Sat Oct 15 11:58:26 2016
| Host         : jon-GA-MA770T-ES3 running 64-bit Linux Mint 17.2 Rafaela
| Command      : report_utilization -file ./post_synth_util.rpt
| Design       : BSP
| Device       : xc7a100t
| Design State : Synthesized
------------------------------------------------------------------------------------

Utilization Design Information

Table of Contents
-----------------
1. Slice Logic
1.1 Summary of Registers by Type
2. Memory
3. DSP
4. IO and GT Specific
5. Clocking
6. Specific Feature
7. Primitives
8. Black Boxes
9. Instantiated Netlists

1. Slice Logic
--------------

+----------------------------+-------+-------+-----------+-------+
|          Site Type         |  Used | Fixed | Available | Util% |
+----------------------------+-------+-------+-----------+-------+
| Slice LUTs*                | 33082 |     0 |     63400 | 52.18 |
|   LUT as Logic             | 32310 |     0 |     63400 | 50.96 |
|   LUT as Memory            |   772 |     0 |     19000 |  4.06 |
|     LUT as Distributed RAM |   768 |     0 |           |       |
|     LUT as Shift Register  |     4 |     0 |           |       |
| Slice Registers            | 10165 |     0 |    126800 |  8.02 |
|   Register as Flip Flop    | 10165 |     0 |    126800 |  8.02 |
|   Register as Latch        |     0 |     0 |    126800 |  0.00 |
| F7 Muxes                   |   274 |     0 |     31700 |  0.86 |
| F8 Muxes                   |    33 |     0 |     15850 |  0.21 |
+----------------------------+-------+-------+-----------+-------+
* Warning! The Final LUT count, after physical optimizations and full implementation, is typically lower. Run opt_design after synthesis, if not already completed, for a more realistic count.


1.1 Summary of Registers by Type
--------------------------------

+-------+--------------+-------------+--------------+
| Total | Clock Enable | Synchronous | Asynchronous |
+-------+--------------+-------------+--------------+
| 0     |            _ |           - |            - |
| 0     |            _ |           - |          Set |
| 0     |            _ |           - |        Reset |
| 0     |            _ |         Set |            - |
| 0     |            _ |       Reset |            - |
| 0     |          Yes |           - |            - |
| 0     |          Yes |           - |          Set |
| 0     |          Yes |           - |        Reset |
| 89    |          Yes |         Set |            - |
| 10076 |          Yes |       Reset |            - |
+-------+--------------+-------------+--------------+


2. Memory
---------

+-------------------+------+-------+-----------+-------+
|     Site Type     | Used | Fixed | Available | Util% |
+-------------------+------+-------+-----------+-------+
| Block RAM Tile    | 11.5 |     0 |       135 |  8.52 |
|   RAMB36/FIFO*    |   10 |     0 |       135 |  7.41 |
|     RAMB36E1 only |   10 |       |           |       |
|   RAMB18          |    3 |     0 |       270 |  1.11 |
|     RAMB18E1 only |    3 |       |           |       |
+-------------------+------+-------+-----------+-------+
* Note: Each Block RAM Tile only has one FIFO logic available and therefore can accommodate only one FIFO36E1 or one FIFO18E1. However, if a FIFO18E1 occupies a Block RAM Tile, that tile can still accommodate a RAMB18E1


3. DSP
------

+----------------+------+-------+-----------+-------+
|    Site Type   | Used | Fixed | Available | Util% |
+----------------+------+-------+-----------+-------+
| DSPs           |    9 |     0 |       240 |  3.75 |
|   DSP48E1 only |    9 |       |           |       |
+----------------+------+-------+-----------+-------+


4. IO and GT Specific
---------------------

+-----------------------------+------+-------+-----------+-------+
|          Site Type          | Used | Fixed | Available | Util% |
+-----------------------------+------+-------+-----------+-------+
| Bonded IOB                  |   94 |    94 |       210 | 44.76 |
|   IOB Master Pads           |   45 |       |           |       |
|   IOB Slave Pads            |   47 |       |           |       |
| Bonded IPADs                |    0 |     0 |         2 |  0.00 |
| PHY_CONTROL                 |    0 |     0 |         6 |  0.00 |
| PHASER_REF                  |    0 |     0 |         6 |  0.00 |
| OUT_FIFO                    |    0 |     0 |        24 |  0.00 |
| IN_FIFO                     |    0 |     0 |        24 |  0.00 |
| IDELAYCTRL                  |    0 |     0 |         6 |  0.00 |
| IBUFGDS                     |    0 |     0 |       202 |  0.00 |
| PHASER_OUT/PHASER_OUT_PHY   |    0 |     0 |        24 |  0.00 |
| PHASER_IN/PHASER_IN_PHY     |    0 |     0 |        24 |  0.00 |
| IDELAYE2/IDELAYE2_FINEDELAY |    0 |     0 |       300 |  0.00 |
| IBUFDS_GTE2                 |    0 |     0 |         4 |  0.00 |
| ILOGIC                      |    1 |     1 |       210 |  0.48 |
|   ISERDES                   |    1 |     1 |           |       |
| OLOGIC                      |    0 |     0 |       210 |  0.00 |
+-----------------------------+------+-------+-----------+-------+


5. Clocking
-----------

+------------+------+-------+-----------+-------+
|  Site Type | Used | Fixed | Available | Util% |
+------------+------+-------+-----------+-------+
| BUFGCTRL   |    9 |     0 |        32 | 28.13 |
| BUFIO      |    0 |     0 |        24 |  0.00 |
| MMCME2_ADV |    1 |     0 |         6 | 16.67 |
| PLLE2_ADV  |    1 |     0 |         6 | 16.67 |
| BUFMRCE    |    0 |     0 |        12 |  0.00 |
| BUFHCE     |    0 |     0 |        96 |  0.00 |
| BUFR       |    0 |     0 |        24 |  0.00 |
+------------+------+-------+-----------+-------+


6. Specific Feature
-------------------

+-------------+------+-------+-----------+-------+
|  Site Type  | Used | Fixed | Available | Util% |
+-------------+------+-------+-----------+-------+
| BSCANE2     |    0 |     0 |         4 |  0.00 |
| CAPTUREE2   |    0 |     0 |         1 |  0.00 |
| DNA_PORT    |    0 |     0 |         1 |  0.00 |
| EFUSE_USR   |    0 |     0 |         1 |  0.00 |
| FRAME_ECCE2 |    0 |     0 |         1 |  0.00 |
| ICAPE2      |    0 |     0 |         2 |  0.00 |
| PCIE_2_1    |    0 |     0 |         1 |  0.00 |
| STARTUPE2   |    0 |     0 |         1 |  0.00 |
| XADC        |    0 |     0 |         1 |  0.00 |
+-------------+------+-------+-----------+-------+


7. Primitives
-------------

+------------+-------+---------------------+
|  Ref Name  |  Used | Functional Category |
+------------+-------+---------------------+
| FDRE       | 10076 |        Flop & Latch |
| LUT3       |  9617 |                 LUT |
| LUT2       |  9369 |                 LUT |
| CARRY4     |  7341 |          CarryLogic |
| LUT4       |  5452 |                 LUT |
| LUT1       |  5019 |                 LUT |
| LUT5       |  4881 |                 LUT |
| LUT6       |  2139 |                 LUT |
| RAMD64E    |   704 |  Distributed Memory |
| MUXF7      |   274 |               MuxFx |
| RAMD32     |    96 |  Distributed Memory |
| FDSE       |    89 |        Flop & Latch |
| OBUF       |    60 |                  IO |
| MUXF8      |    33 |               MuxFx |
| RAMS32     |    32 |  Distributed Memory |
| IBUF       |    32 |                  IO |
| RAMB36E1   |    10 |        Block Memory |
| DSP48E1    |     9 |    Block Arithmetic |
| BUFG       |     9 |               Clock |
| RAMB18E1   |     3 |        Block Memory |
| SRLC32E    |     2 |  Distributed Memory |
| SRL16E     |     2 |  Distributed Memory |
| OBUFT      |     2 |                  IO |
| PLLE2_ADV  |     1 |               Clock |
| MMCME2_ADV |     1 |               Clock |
| ISERDESE2  |     1 |                  IO |
| IBUFDS     |     1 |                  IO |
+------------+-------+---------------------+


8. Black Boxes
--------------

+----------+------+
| Ref Name | Used |
+----------+------+


9. Instantiated Netlists
------------------------

+----------+------+
| Ref Name | Used |
+----------+------+


