Copyright 1986-2016 Xilinx, Inc. All Rights Reserved.
------------------------------------------------------------------------------------
| Tool Version : Vivado v.2016.3 (lin64) Build 1682563 Mon Oct 10 19:07:26 MDT 2016
| Date         : Sat Oct 15 16:57:09 2016
| Host         : jon-GA-MA770T-ES3 running 64-bit Linux Mint 17.2 Rafaela
| Command      : report_utilization -file ./post_place_util.rpt
| Design       : BSP
| Device       : 7a100tcsg324-1
| Design State : Fully Placed
------------------------------------------------------------------------------------

Utilization Design Information

Table of Contents
-----------------
1. Slice Logic
1.1 Summary of Registers by Type
2. Slice Logic Distribution
3. Memory
4. DSP
5. IO and GT Specific
6. Clocking
7. Specific Feature
8. Primitives
9. Black Boxes
10. Instantiated Netlists

1. Slice Logic
--------------

+----------------------------+-------+-------+-----------+-------+
|          Site Type         |  Used | Fixed | Available | Util% |
+----------------------------+-------+-------+-----------+-------+
| Slice LUTs                 | 20704 |     0 |     63400 | 32.66 |
|   LUT as Logic             | 19930 |     0 |     63400 | 31.44 |
|   LUT as Memory            |   774 |     0 |     19000 |  4.07 |
|     LUT as Distributed RAM |   768 |     0 |           |       |
|     LUT as Shift Register  |     6 |     0 |           |       |
| Slice Registers            | 10814 |     0 |    126800 |  8.53 |
|   Register as Flip Flop    | 10814 |     0 |    126800 |  8.53 |
|   Register as Latch        |     0 |     0 |    126800 |  0.00 |
| F7 Muxes                   |   254 |     0 |     31700 |  0.80 |
| F8 Muxes                   |   101 |     0 |     15850 |  0.64 |
+----------------------------+-------+-------+-----------+-------+


1.1 Summary of Registers by Type
--------------------------------

+-------+--------------+-------------+--------------+
| Total | Clock Enable | Synchronous | Asynchronous |
+-------+--------------+-------------+--------------+
| 0     |            _ |           - |            - |
| 0     |            _ |           - |          Set |
| 0     |            _ |           - |        Reset |
| 0     |            _ |         Set |            - |
| 0     |            _ |       Reset |            - |
| 0     |          Yes |           - |            - |
| 0     |          Yes |           - |          Set |
| 0     |          Yes |           - |        Reset |
| 77    |          Yes |         Set |            - |
| 10737 |          Yes |       Reset |            - |
+-------+--------------+-------------+--------------+


2. Slice Logic Distribution
---------------------------

+-------------------------------------------+-------+-------+-----------+-------+
|                 Site Type                 |  Used | Fixed | Available | Util% |
+-------------------------------------------+-------+-------+-----------+-------+
| Slice                                     |  5811 |     0 |     15850 | 36.66 |
|   SLICEL                                  |  3978 |     0 |           |       |
|   SLICEM                                  |  1833 |     0 |           |       |
| LUT as Logic                              | 19930 |     0 |     63400 | 31.44 |
|   using O5 output only                    |    80 |       |           |       |
|   using O6 output only                    | 16803 |       |           |       |
|   using O5 and O6                         |  3047 |       |           |       |
| LUT as Memory                             |   774 |     0 |     19000 |  4.07 |
|   LUT as Distributed RAM                  |   768 |     0 |           |       |
|     using O5 output only                  |     0 |       |           |       |
|     using O6 output only                  |   704 |       |           |       |
|     using O5 and O6                       |    64 |       |           |       |
|   LUT as Shift Register                   |     6 |     0 |           |       |
|     using O5 output only                  |     0 |       |           |       |
|     using O6 output only                  |     2 |       |           |       |
|     using O5 and O6                       |     4 |       |           |       |
| LUT Flip Flop Pairs                       |  8450 |     0 |     63400 | 13.33 |
|   fully used LUT-FF pairs                 |   229 |       |           |       |
|   LUT-FF pairs with one unused LUT output |  7866 |       |           |       |
|   LUT-FF pairs with one unused Flip Flop  |  7932 |       |           |       |
| Unique Control Sets                       |   130 |       |           |       |
+-------------------------------------------+-------+-------+-----------+-------+
* Note: Review the Control Sets Report for more information regarding control sets.


3. Memory
---------

+-------------------+------+-------+-----------+-------+
|     Site Type     | Used | Fixed | Available | Util% |
+-------------------+------+-------+-----------+-------+
| Block RAM Tile    | 14.5 |     0 |       135 | 10.74 |
|   RAMB36/FIFO*    |   10 |     0 |       135 |  7.41 |
|     RAMB36E1 only |   10 |       |           |       |
|   RAMB18          |    9 |     0 |       270 |  3.33 |
|     RAMB18E1 only |    9 |       |           |       |
+-------------------+------+-------+-----------+-------+
* Note: Each Block RAM Tile only has one FIFO logic available and therefore can accommodate only one FIFO36E1 or one FIFO18E1. However, if a FIFO18E1 occupies a Block RAM Tile, that tile can still accommodate a RAMB18E1


4. DSP
------

+----------------+------+-------+-----------+-------+
|    Site Type   | Used | Fixed | Available | Util% |
+----------------+------+-------+-----------+-------+
| DSPs           |   27 |     0 |       240 | 11.25 |
|   DSP48E1 only |   27 |       |           |       |
+----------------+------+-------+-----------+-------+


5. IO and GT Specific
---------------------

+-----------------------------+------+-------+-----------+-------+
|          Site Type          | Used | Fixed | Available | Util% |
+-----------------------------+------+-------+-----------+-------+
| Bonded IOB                  |   71 |    71 |       210 | 33.81 |
|   IOB Master Pads           |   33 |       |           |       |
|   IOB Slave Pads            |   38 |       |           |       |
| Bonded IPADs                |    0 |     0 |         2 |  0.00 |
| PHY_CONTROL                 |    0 |     0 |         6 |  0.00 |
| PHASER_REF                  |    0 |     0 |         6 |  0.00 |
| OUT_FIFO                    |    0 |     0 |        24 |  0.00 |
| IN_FIFO                     |    0 |     0 |        24 |  0.00 |
| IDELAYCTRL                  |    0 |     0 |         6 |  0.00 |
| IBUFDS                      |    1 |     1 |       202 |  0.50 |
| PHASER_OUT/PHASER_OUT_PHY   |    0 |     0 |        24 |  0.00 |
| PHASER_IN/PHASER_IN_PHY     |    0 |     0 |        24 |  0.00 |
| IDELAYE2/IDELAYE2_FINEDELAY |    0 |     0 |       300 |  0.00 |
| ILOGIC                      |    1 |     1 |       210 |  0.48 |
|   ISERDES                   |    1 |     1 |           |       |
| OLOGIC                      |    0 |     0 |       210 |  0.00 |
+-----------------------------+------+-------+-----------+-------+


6. Clocking
-----------

+------------+------+-------+-----------+-------+
|  Site Type | Used | Fixed | Available | Util% |
+------------+------+-------+-----------+-------+
| BUFGCTRL   |    6 |     0 |        32 | 18.75 |
| BUFIO      |    0 |     0 |        24 |  0.00 |
| MMCME2_ADV |    1 |     0 |         6 | 16.67 |
| PLLE2_ADV  |    1 |     0 |         6 | 16.67 |
| BUFMRCE    |    0 |     0 |        12 |  0.00 |
| BUFHCE     |    0 |     0 |        96 |  0.00 |
| BUFR       |    0 |     0 |        24 |  0.00 |
+------------+------+-------+-----------+-------+


7. Specific Feature
-------------------

+-------------+------+-------+-----------+-------+
|  Site Type  | Used | Fixed | Available | Util% |
+-------------+------+-------+-----------+-------+
| BSCANE2     |    0 |     0 |         4 |  0.00 |
| CAPTUREE2   |    0 |     0 |         1 |  0.00 |
| DNA_PORT    |    0 |     0 |         1 |  0.00 |
| EFUSE_USR   |    0 |     0 |         1 |  0.00 |
| FRAME_ECCE2 |    0 |     0 |         1 |  0.00 |
| ICAPE2      |    0 |     0 |         2 |  0.00 |
| PCIE_2_1    |    0 |     0 |         1 |  0.00 |
| STARTUPE2   |    0 |     0 |         1 |  0.00 |
| XADC        |    0 |     0 |         1 |  0.00 |
+-------------+------+-------+-----------+-------+


8. Primitives
-------------

+------------+-------+---------------------+
|  Ref Name  |  Used | Functional Category |
+------------+-------+---------------------+
| FDRE       | 10737 |        Flop & Latch |
| LUT2       |  7478 |                 LUT |
| LUT3       |  5235 |                 LUT |
| CARRY4     |  4148 |          CarryLogic |
| LUT1       |  4140 |                 LUT |
| LUT6       |  2898 |                 LUT |
| LUT5       |  1856 |                 LUT |
| LUT4       |  1370 |                 LUT |
| RAMD64E    |   704 |  Distributed Memory |
| MUXF7      |   254 |               MuxFx |
| MUXF8      |   101 |               MuxFx |
| RAMD32     |    96 |  Distributed Memory |
| FDSE       |    77 |        Flop & Latch |
| OBUF       |    60 |                  IO |
| RAMS32     |    32 |  Distributed Memory |
| DSP48E1    |    27 |    Block Arithmetic |
| RAMB36E1   |    10 |        Block Memory |
| RAMB18E1   |     9 |        Block Memory |
| IBUF       |     9 |                  IO |
| SRL16E     |     8 |  Distributed Memory |
| BUFG       |     6 |               Clock |
| SRLC32E    |     2 |  Distributed Memory |
| OBUFT      |     2 |                  IO |
| PLLE2_ADV  |     1 |               Clock |
| MMCME2_ADV |     1 |               Clock |
| ISERDESE2  |     1 |                  IO |
| IBUFDS     |     1 |                  IO |
+------------+-------+---------------------+


9. Black Boxes
--------------

+----------+------+
| Ref Name | Used |
+----------+------+


10. Instantiated Netlists
-------------------------

+----------+------+
| Ref Name | Used |
+----------+------+


