Copyright 1986-2016 Xilinx, Inc. All Rights Reserved.
------------------------------------------------------------------------------------
| Tool Version : Vivado v.2016.3 (lin64) Build 1682563 Mon Oct 10 19:07:26 MDT 2016
| Date         : Thu Nov 10 18:53:15 2016
| Host         : jon-GA-MA770T-ES3 running 64-bit Linux Mint 17.2 Rafaela
| Command      : report_timing_summary -file ./post_place_timing_summary.rpt
| Design       : bsp
| Device       : 7a100t-csg324
| Speed File   : -1  PRODUCTION 1.15 2016-08-17
------------------------------------------------------------------------------------

Timing Summary Report

------------------------------------------------------------------------------------------------
| Timer Settings
| --------------
------------------------------------------------------------------------------------------------

  Enable Multi Corner Analysis               :  Yes
  Enable Pessimism Removal                   :  Yes
  Pessimism Removal Resolution               :  Nearest Common Node
  Enable Input Delay Default Clock           :  No
  Enable Preset / Clear Arcs                 :  No
  Disable Flight Delays                      :  No
  Ignore I/O Paths                           :  No
  Timing Early Launch at Borrowing Latches   :  false

  Corner  Analyze    Analyze    
  Name    Max Paths  Min Paths  
  ------  ---------  ---------  
  Slow    Yes        Yes        
  Fast    Yes        Yes        



check_timing report

Table of Contents
-----------------
1. checking no_clock
2. checking constant_clock
3. checking pulse_width_clock
4. checking unconstrained_internal_endpoints
5. checking no_input_delay
6. checking no_output_delay
7. checking multiple_clock
8. checking generated_clocks
9. checking loops
10. checking partial_input_delay
11. checking partial_output_delay
12. checking latch_loops

1. checking no_clock
--------------------
 There are 0 register/latch pins with no clock.


2. checking constant_clock
--------------------------
 There are 0 register/latch pins with constant_clock.


3. checking pulse_width_clock
-----------------------------
 There are 0 register/latch pins which need pulse_width check


4. checking unconstrained_internal_endpoints
--------------------------------------------
 There are 0 pins that are not constrained for maximum delay.

 There are 0 pins that are not constrained for maximum delay due to constant clock.


5. checking no_input_delay
--------------------------
 There is 1 input port with no input delay specified. (HIGH)

 There are 0 input ports with no input delay but user has a false path constraint.


6. checking no_output_delay
---------------------------
 There are 4 ports with no output delay specified. (HIGH)

 There are 0 ports with no output delay but user has a false path constraint

 There are 0 ports with no output delay but with a timing clock defined on it or propagating through it


7. checking multiple_clock
--------------------------
 There are 0 register/latch pins with multiple clocks.


8. checking generated_clocks
----------------------------
 There are 0 generated clocks that are not connected to a clock source.


9. checking loops
-----------------
 There are 0 combinational loops in the design.


10. checking partial_input_delay
--------------------------------
 There are 0 input ports with partial input delay specified.


11. checking partial_output_delay
---------------------------------
 There are 0 ports with partial output delay specified.


12. checking latch_loops
------------------------
 There are 0 combinational latch loops in the design through latch input



------------------------------------------------------------------------------------------------
| Design Timing Summary
| ---------------------
------------------------------------------------------------------------------------------------

    WNS(ns)      TNS(ns)  TNS Failing Endpoints  TNS Total Endpoints      WHS(ns)      THS(ns)  THS Failing Endpoints  THS Total Endpoints     WPWS(ns)     TPWS(ns)  TPWS Failing Endpoints  TPWS Total Endpoints  
    -------      -------  ---------------------  -------------------      -------      -------  ---------------------  -------------------     --------     --------  ----------------------  --------------------  
     -0.444       -4.638                     26                23422       -0.127       -4.621                    171                23422        0.345        0.000                       0                  4180  


Timing constraints are not met.


------------------------------------------------------------------------------------------------
| Clock Summary
| -------------
------------------------------------------------------------------------------------------------

Clock          Waveform(ns)         Period(ns)      Frequency(MHz)
-----          ------------         ----------      --------------
sys_clk_pin    {0.000 5.000}        10.000          100.000         
  clk0         {0.000 5.000}        10.000          100.000         
    clk_100_s  {0.000 5.000}        10.000          100.000         
    clk_400_s  {0.000 1.250}        2.500           400.000         
    clkfbout   {0.000 5.000}        10.000          100.000         


------------------------------------------------------------------------------------------------
| Intra Clock Table
| -----------------
------------------------------------------------------------------------------------------------

Clock              WNS(ns)      TNS(ns)  TNS Failing Endpoints  TNS Total Endpoints      WHS(ns)      THS(ns)  THS Failing Endpoints  THS Total Endpoints     WPWS(ns)     TPWS(ns)  TPWS Failing Endpoints  TPWS Total Endpoints  
-----              -------      -------  ---------------------  -------------------      -------      -------  ---------------------  -------------------     --------     --------  ----------------------  --------------------  
sys_clk_pin                                                                                                                                                      3.000        0.000                       0                     1  
  clk0              -0.444       -4.638                     26                23414       -0.127       -4.621                    171                23414        3.000        0.000                       0                  4170  
    clk_100_s                                                                                                                                                    7.845        0.000                       0                     3  
    clk_400_s                                                                                                                                                    0.345        0.000                       0                     3  
    clkfbout                                                                                                                                                     7.845        0.000                       0                     3  


------------------------------------------------------------------------------------------------
| Inter Clock Table
| -----------------
------------------------------------------------------------------------------------------------

From Clock    To Clock          WNS(ns)      TNS(ns)  TNS Failing Endpoints  TNS Total Endpoints      WHS(ns)      THS(ns)  THS Failing Endpoints  THS Total Endpoints  
----------    --------          -------      -------  ---------------------  -------------------      -------      -------  ---------------------  -------------------  
clk0          clk_100_s           6.240        0.000                      0                    8        0.194        0.000                      0                    8  


------------------------------------------------------------------------------------------------
| Other Path Groups Table
| -----------------------
------------------------------------------------------------------------------------------------

Path Group    From Clock    To Clock          WNS(ns)      TNS(ns)  TNS Failing Endpoints  TNS Total Endpoints      WHS(ns)      THS(ns)  THS Failing Endpoints  THS Total Endpoints  
----------    ----------    --------          -------      -------  ---------------------  -------------------      -------      -------  ---------------------  -------------------  


------------------------------------------------------------------------------------------------
| Timing Details
| --------------
------------------------------------------------------------------------------------------------


---------------------------------------------------------------------------------------------------
From Clock:  sys_clk_pin
  To Clock:  sys_clk_pin

Setup :           NA  Failing Endpoints,  Worst Slack           NA  ,  Total Violation           NA
Hold  :           NA  Failing Endpoints,  Worst Slack           NA  ,  Total Violation           NA
PW    :            0  Failing Endpoints,  Worst Slack        3.000ns,  Total Violation        0.000ns
---------------------------------------------------------------------------------------------------


Pulse Width Checks
--------------------------------------------------------------------------------------
Clock Name:         sys_clk_pin
Waveform(ns):       { 0.000 5.000 }
Period(ns):         10.000
Sources:            { clk_in }

Check Type        Corner  Lib Pin            Reference Pin  Required(ns)  Actual(ns)  Slack(ns)  Location         Pin
Min Period        n/a     MMCME2_ADV/CLKIN1  n/a            1.249         10.000      8.751      MMCME2_ADV_X1Y2  dcm_sp_inst/CLKIN1
Max Period        n/a     MMCME2_ADV/CLKIN1  n/a            100.000       10.000      90.000     MMCME2_ADV_X1Y2  dcm_sp_inst/CLKIN1
Low Pulse Width   Slow    MMCME2_ADV/CLKIN1  n/a            2.000         5.000       3.000      MMCME2_ADV_X1Y2  dcm_sp_inst/CLKIN1
High Pulse Width  Slow    MMCME2_ADV/CLKIN1  n/a            2.000         5.000       3.000      MMCME2_ADV_X1Y2  dcm_sp_inst/CLKIN1



---------------------------------------------------------------------------------------------------
From Clock:  clk0
  To Clock:  clk0

Setup :           26  Failing Endpoints,  Worst Slack       -0.444ns,  Total Violation       -4.638ns
Hold  :          171  Failing Endpoints,  Worst Slack       -0.127ns,  Total Violation       -4.621ns
PW    :            0  Failing Endpoints,  Worst Slack        3.000ns,  Total Violation        0.000ns
---------------------------------------------------------------------------------------------------


Max Delay Paths
--------------------------------------------------------------------------------------
Slack (VIOLATED) :        -0.444ns  (required time - arrival time)
  Source:                 transmitter_inst_1/dac_interface_inst_1/rand_7_reg[3]_replica/C
                            (rising edge-triggered cell FDRE clocked by clk0  {rise@0.000ns fall@5.000ns period=10.000ns})
  Destination:            transmitter_inst_1/dac_interface_inst_1/psdsp_5/D
                            (rising edge-triggered cell FDRE clocked by clk0  {rise@0.000ns fall@5.000ns period=10.000ns})
  Path Group:             clk0
  Path Type:              Setup (Max at Slow Process Corner)
  Requirement:            10.000ns  (clk0 rise@10.000ns - clk0 rise@0.000ns)
  Data Path Delay:        10.124ns  (logic 8.176ns (80.759%)  route 1.948ns (19.241%))
  Logic Levels:           7  (CARRY4=4 DSP48E1=2 LUT2=1)
  Clock Path Skew:        -0.037ns (DCD - SCD + CPR)
    Destination Clock Delay (DCD):    -1.586ns = ( 8.414 - 10.000 ) 
    Source Clock Delay      (SCD):    -0.996ns
    Clock Pessimism Removal (CPR):    0.553ns
  Clock Uncertainty:      0.059ns  ((TSJ^2 + DJ^2)^1/2) / 2 + PE
    Total System Jitter     (TSJ):    0.071ns
    Discrete Jitter          (DJ):    0.096ns
    Phase Error              (PE):    0.000ns

    Location             Delay type                Incr(ns)  Path(ns)    Netlist Resource(s)
  -------------------------------------------------------------------    -------------------
                         (clock clk0 rise edge)       0.000     0.000 r  
    E3                                                0.000     0.000 r  clk_in (IN)
                         net (fo=0)                   0.000     0.000    clk_in
    E3                   IBUF (Prop_ibuf_I_O)         1.482     1.482 r  clkin1_buf/O
                         net (fo=1, estimated)        1.233     2.715    clkin1
    MMCME2_ADV_X1Y2      MMCME2_ADV (Prop_mmcme2_adv_CLKIN1_CLKFBOUT)
                                                     -7.154    -4.439 r  dcm_sp_inst/CLKFBOUT
                         net (fo=1, estimated)        1.719    -2.720    clk0
    BUFGCTRL_X0Y16       BUFG (Prop_bufg_I_O)         0.096    -2.624 r  bufg_inst2/O
                         net (fo=4172, estimated)     1.628    -0.996    transmitter_inst_1/dac_interface_inst_1/clk
    SLICE_X9Y140         FDRE                                         r  transmitter_inst_1/dac_interface_inst_1/rand_7_reg[3]_replica/C
  -------------------------------------------------------------------    -------------------
    SLICE_X9Y140         FDRE (Prop_fdre_C_Q)         0.456    -0.540 r  transmitter_inst_1/dac_interface_inst_1/rand_7_reg[3]_replica/Q
                         net (fo=1, estimated)        0.395    -0.145    transmitter_inst_1/dac_interface_inst_1/rand_7[3]_repN
    DSP48_X0Y56          DSP48E1 (Prop_dsp48e1_A[3]_PCOUT[47])
                                                      4.036     3.891 r  transmitter_inst_1/dac_interface_inst_1/rand_71__0/PCOUT[47]
                         net (fo=1, estimated)        0.000     3.891    transmitter_inst_1/dac_interface_inst_1/rand_71__0_n_106
    DSP48_X0Y57          DSP48E1 (Prop_dsp48e1_PCIN[47]_P[0])
                                                      1.518     5.409 r  transmitter_inst_1/dac_interface_inst_1/rand_71__1/P[0]
                         net (fo=2, estimated)        0.769     6.178    transmitter_inst_1/dac_interface_inst_1/rand_71__1_n_105
    SLICE_X10Y143        LUT2 (Prop_lut2_I0_O)        0.124     6.302 r  transmitter_inst_1/dac_interface_inst_1/rand_71_carry_i_3/O
                         net (fo=1, routed)           0.000     6.302    transmitter_inst_1/dac_interface_inst_1/rand_71_carry_i_3_n_0
    SLICE_X10Y143        CARRY4 (Prop_carry4_S[1]_CO[3])
                                                      0.533     6.835 r  transmitter_inst_1/dac_interface_inst_1/rand_71_carry/CO[3]
                         net (fo=1, estimated)        0.000     6.835    transmitter_inst_1/dac_interface_inst_1/rand_71_carry_n_0
    SLICE_X10Y144        CARRY4 (Prop_carry4_CI_O[1])
                                                      0.323     7.158 r  transmitter_inst_1/dac_interface_inst_1/rand_71_carry__0/O[1]
                         net (fo=1, estimated)        0.465     7.623    transmitter_inst_1/dac_interface_inst_1/rand_71_carry__0_n_6
    SLICE_X11Y145        CARRY4 (Prop_carry4_S[0]_CO[3])
                                                      0.838     8.461 r  transmitter_inst_1/dac_interface_inst_1/rand_70_carry__4/CO[3]
                         net (fo=1, estimated)        0.000     8.461    transmitter_inst_1/dac_interface_inst_1/rand_70_carry__4_n_0
    SLICE_X11Y146        CARRY4 (Prop_carry4_CI_O[1])
                                                      0.348     8.809 r  transmitter_inst_1/dac_interface_inst_1/rand_70_carry__5/O[1]
                         net (fo=2, estimated)        0.319     9.128    transmitter_inst_1/dac_interface_inst_1/rand_70_carry__5_n_6
    SLICE_X10Y147        FDRE                                         r  transmitter_inst_1/dac_interface_inst_1/psdsp_5/D
  -------------------------------------------------------------------    -------------------

                         (clock clk0 rise edge)      10.000    10.000 r  
    E3                                                0.000    10.000 r  clk_in (IN)
                         net (fo=0)                   0.000    10.000    clk_in
    E3                   IBUF (Prop_ibuf_I_O)         1.411    11.411 r  clkin1_buf/O
                         net (fo=1, estimated)        1.171    12.583    clkin1
    MMCME2_ADV_X1Y2      MMCME2_ADV (Prop_mmcme2_adv_CLKIN1_CLKFBOUT)
                                                     -7.404     5.179 r  dcm_sp_inst/CLKFBOUT
                         net (fo=1, estimated)        1.633     6.812    clk0
    BUFGCTRL_X0Y16       BUFG (Prop_bufg_I_O)         0.091     6.903 r  bufg_inst2/O
                         net (fo=4172, estimated)     1.511     8.414    transmitter_inst_1/dac_interface_inst_1/clk
    SLICE_X10Y147        FDRE                                         r  transmitter_inst_1/dac_interface_inst_1/psdsp_5/C
                         clock pessimism              0.553     8.967    
                         clock uncertainty           -0.059     8.907    
    SLICE_X10Y147        FDRE (Setup_fdre_C_D)       -0.224     8.683    transmitter_inst_1/dac_interface_inst_1/psdsp_5
  -------------------------------------------------------------------
                         required time                          8.683    
                         arrival time                          -9.128    
  -------------------------------------------------------------------
                         slack                                 -0.444    





Min Delay Paths
--------------------------------------------------------------------------------------
Slack (VIOLATED) :        -0.127ns  (arrival time - required time)
  Source:                 transmitter_inst_1/nco_inst_1/tree_10_reg[26]/C
                            (rising edge-triggered cell FDRE clocked by clk0  {rise@0.000ns fall@5.000ns period=10.000ns})
  Destination:            transmitter_inst_1/nco_inst_1/tree_100_reg[26]/D
                            (rising edge-triggered cell FDRE clocked by clk0  {rise@0.000ns fall@5.000ns period=10.000ns})
  Path Group:             clk0
  Path Type:              Hold (Min at Fast Process Corner)
  Requirement:            0.000ns  (clk0 rise@0.000ns - clk0 rise@0.000ns)
  Data Path Delay:        0.296ns  (logic 0.141ns (47.684%)  route 0.155ns (52.316%))
  Logic Levels:           0  
  Clock Path Skew:        0.353ns (DCD - SCD - CPR)
    Destination Clock Delay (DCD):    -0.732ns
    Source Clock Delay      (SCD):    -0.566ns
    Clock Pessimism Removal (CPR):    -0.520ns

    Location             Delay type                Incr(ns)  Path(ns)    Netlist Resource(s)
  -------------------------------------------------------------------    -------------------
                         (clock clk0 rise edge)       0.000     0.000 r  
    E3                                                0.000     0.000 r  clk_in (IN)
                         net (fo=0)                   0.000     0.000    clk_in
    E3                   IBUF (Prop_ibuf_I_O)         0.250     0.250 r  clkin1_buf/O
                         net (fo=1, estimated)        0.520     0.769    clkin1
    MMCME2_ADV_X1Y2      MMCME2_ADV (Prop_mmcme2_adv_CLKIN1_CLKFBOUT)
                                                     -2.648    -1.878 r  dcm_sp_inst/CLKFBOUT
                         net (fo=1, estimated)        0.725    -1.154    clk0
    BUFGCTRL_X0Y16       BUFG (Prop_bufg_I_O)         0.026    -1.128 r  bufg_inst2/O
                         net (fo=4172, estimated)     0.562    -0.566    transmitter_inst_1/nco_inst_1/clk
    SLICE_X40Y149        FDRE                                         r  transmitter_inst_1/nco_inst_1/tree_10_reg[26]/C
  -------------------------------------------------------------------    -------------------
    SLICE_X40Y149        FDRE (Prop_fdre_C_Q)         0.141    -0.425 r  transmitter_inst_1/nco_inst_1/tree_10_reg[26]/Q
                         net (fo=3, estimated)        0.155    -0.270    transmitter_inst_1/nco_inst_1/tree_10[26]
    SLICE_X43Y150        FDRE                                         r  transmitter_inst_1/nco_inst_1/tree_100_reg[26]/D
  -------------------------------------------------------------------    -------------------

                         (clock clk0 rise edge)       0.000     0.000 r  
    E3                                                0.000     0.000 r  clk_in (IN)
                         net (fo=0)                   0.000     0.000    clk_in
    E3                   IBUF (Prop_ibuf_I_O)         0.438     0.438 r  clkin1_buf/O
                         net (fo=1, estimated)        0.547     0.985    clkin1
    MMCME2_ADV_X1Y2      MMCME2_ADV (Prop_mmcme2_adv_CLKIN1_CLKFBOUT)
                                                     -3.429    -2.444 r  dcm_sp_inst/CLKFBOUT
                         net (fo=1, estimated)        0.763    -1.681    clk0
    BUFGCTRL_X0Y16       BUFG (Prop_bufg_I_O)         0.029    -1.652 r  bufg_inst2/O
                         net (fo=4172, estimated)     0.920    -0.732    transmitter_inst_1/nco_inst_1/clk
    SLICE_X43Y150        FDRE                                         r  transmitter_inst_1/nco_inst_1/tree_100_reg[26]/C
                         clock pessimism              0.520    -0.213    
    SLICE_X43Y150        FDRE (Hold_fdre_C_D)         0.070    -0.143    transmitter_inst_1/nco_inst_1/tree_100_reg[26]
  -------------------------------------------------------------------
                         required time                          0.143    
                         arrival time                          -0.270    
  -------------------------------------------------------------------
                         slack                                 -0.127    





Pulse Width Checks
--------------------------------------------------------------------------------------
Clock Name:         clk0
Waveform(ns):       { 0.000 5.000 }
Period(ns):         10.000
Sources:            { dcm_sp_inst/CLKFBOUT }

Check Type        Corner  Lib Pin             Reference Pin  Required(ns)  Actual(ns)  Slack(ns)  Location        Pin
Min Period        n/a     RAMB36E1/CLKARDCLK  n/a            2.576         10.000      7.424      RAMB36_X2Y26    user_design_inst_1/main_0_140565643155792/program_counter_reg_rep_0/CLKARDCLK
Max Period        n/a     PLLE2_ADV/CLKIN1    n/a            52.633        10.000      42.633     PLLE2_ADV_X0Y0  transmitter_inst_1/dac_interface_inst_1/serdes_inst_1/plle2_base_inst/CLKIN1
Low Pulse Width   Slow    PLLE2_ADV/CLKIN1    n/a            2.000         5.000       3.000      PLLE2_ADV_X0Y0  transmitter_inst_1/dac_interface_inst_1/serdes_inst_1/plle2_base_inst/CLKIN1
High Pulse Width  Fast    PLLE2_ADV/CLKIN1    n/a            2.000         5.000       3.000      PLLE2_ADV_X0Y0  transmitter_inst_1/dac_interface_inst_1/serdes_inst_1/plle2_base_inst/CLKIN1



---------------------------------------------------------------------------------------------------
From Clock:  clk_100_s
  To Clock:  clk_100_s

Setup :           NA  Failing Endpoints,  Worst Slack           NA  ,  Total Violation           NA
Hold  :           NA  Failing Endpoints,  Worst Slack           NA  ,  Total Violation           NA
PW    :            0  Failing Endpoints,  Worst Slack        7.845ns,  Total Violation        0.000ns
---------------------------------------------------------------------------------------------------


Pulse Width Checks
--------------------------------------------------------------------------------------
Clock Name:         clk_100_s
Waveform(ns):       { 0.000 5.000 }
Period(ns):         10.000
Sources:            { transmitter_inst_1/dac_interface_inst_1/serdes_inst_1/plle2_base_inst/CLKOUT0 }

Check Type  Corner  Lib Pin            Reference Pin  Required(ns)  Actual(ns)  Slack(ns)  Location        Pin
Min Period  n/a     BUFG/I             n/a            2.155         10.000      7.845      BUFGCTRL_X0Y0   transmitter_inst_1/dac_interface_inst_1/serdes_inst_1/bufg_inst_1/I
Max Period  n/a     PLLE2_ADV/CLKOUT0  n/a            160.000       10.000      150.000    PLLE2_ADV_X0Y0  transmitter_inst_1/dac_interface_inst_1/serdes_inst_1/plle2_base_inst/CLKOUT0



---------------------------------------------------------------------------------------------------
From Clock:  clk_400_s
  To Clock:  clk_400_s

Setup :           NA  Failing Endpoints,  Worst Slack           NA  ,  Total Violation           NA
Hold  :           NA  Failing Endpoints,  Worst Slack           NA  ,  Total Violation           NA
PW    :            0  Failing Endpoints,  Worst Slack        0.345ns,  Total Violation        0.000ns
---------------------------------------------------------------------------------------------------


Pulse Width Checks
--------------------------------------------------------------------------------------
Clock Name:         clk_400_s
Waveform(ns):       { 0.000 1.250 }
Period(ns):         2.500
Sources:            { transmitter_inst_1/dac_interface_inst_1/serdes_inst_1/plle2_base_inst/CLKOUT1 }

Check Type  Corner  Lib Pin            Reference Pin  Required(ns)  Actual(ns)  Slack(ns)  Location        Pin
Min Period  n/a     BUFG/I             n/a            2.155         2.500       0.345      BUFGCTRL_X0Y1   transmitter_inst_1/dac_interface_inst_1/serdes_inst_1/bufg_inst_2/I
Max Period  n/a     PLLE2_ADV/CLKOUT1  n/a            160.000       2.500       157.500    PLLE2_ADV_X0Y0  transmitter_inst_1/dac_interface_inst_1/serdes_inst_1/plle2_base_inst/CLKOUT1



---------------------------------------------------------------------------------------------------
From Clock:  clkfbout
  To Clock:  clkfbout

Setup :           NA  Failing Endpoints,  Worst Slack           NA  ,  Total Violation           NA
Hold  :           NA  Failing Endpoints,  Worst Slack           NA  ,  Total Violation           NA
PW    :            0  Failing Endpoints,  Worst Slack        7.845ns,  Total Violation        0.000ns
---------------------------------------------------------------------------------------------------


Pulse Width Checks
--------------------------------------------------------------------------------------
Clock Name:         clkfbout
Waveform(ns):       { 0.000 5.000 }
Period(ns):         10.000
Sources:            { transmitter_inst_1/dac_interface_inst_1/serdes_inst_1/plle2_base_inst/CLKFBOUT }

Check Type  Corner  Lib Pin            Reference Pin  Required(ns)  Actual(ns)  Slack(ns)  Location        Pin
Min Period  n/a     BUFG/I             n/a            2.155         10.000      7.845      BUFGCTRL_X0Y2   transmitter_inst_1/dac_interface_inst_1/serdes_inst_1/bufg_inst_4/I
Max Period  n/a     PLLE2_ADV/CLKFBIN  n/a            52.633        10.000      42.633     PLLE2_ADV_X0Y0  transmitter_inst_1/dac_interface_inst_1/serdes_inst_1/plle2_base_inst/CLKFBIN



---------------------------------------------------------------------------------------------------
From Clock:  clk0
  To Clock:  clk_100_s

Setup :            0  Failing Endpoints,  Worst Slack        6.240ns,  Total Violation        0.000ns
Hold  :            0  Failing Endpoints,  Worst Slack        0.194ns,  Total Violation        0.000ns
---------------------------------------------------------------------------------------------------


Max Delay Paths
--------------------------------------------------------------------------------------
Slack (MET) :             6.240ns  (required time - arrival time)
  Source:                 transmitter_inst_1/dac_interface_inst_1/dac_5_reg/C
                            (rising edge-triggered cell FDRE clocked by clk0  {rise@0.000ns fall@5.000ns period=10.000ns})
  Destination:            transmitter_inst_1/dac_interface_inst_1/serdes_inst_1/oserdese2_inst/D6
                            (rising edge-triggered cell OSERDESE2 clocked by clk_100_s  {rise@0.000ns fall@5.000ns period=10.000ns})
  Path Group:             clk_100_s
  Path Type:              Setup (Max at Slow Process Corner)
  Requirement:            10.000ns  (clk_100_s rise@10.000ns - clk0 rise@0.000ns)
  Data Path Delay:        2.987ns  (logic 0.419ns (14.027%)  route 2.568ns (85.973%))
  Logic Levels:           0  
  Clock Path Skew:        0.269ns (DCD - SCD + CPR)
    Destination Clock Delay (DCD):    -1.126ns = ( 8.874 - 10.000 ) 
    Source Clock Delay      (SCD):    -0.922ns
    Clock Pessimism Removal (CPR):    0.473ns
  Clock Uncertainty:      0.242ns  ((TSJ^2 + DJ^2)^1/2) / 2 + PE
    Total System Jitter     (TSJ):    0.071ns
    Discrete Jitter          (DJ):    0.145ns
    Phase Error              (PE):    0.162ns

    Location             Delay type                Incr(ns)  Path(ns)    Netlist Resource(s)
  -------------------------------------------------------------------    -------------------
                         (clock clk0 rise edge)       0.000     0.000 r  
    E3                                                0.000     0.000 r  clk_in (IN)
                         net (fo=0)                   0.000     0.000    clk_in
    E3                   IBUF (Prop_ibuf_I_O)         1.482     1.482 r  clkin1_buf/O
                         net (fo=1, estimated)        1.233     2.715    clkin1
    MMCME2_ADV_X1Y2      MMCME2_ADV (Prop_mmcme2_adv_CLKIN1_CLKFBOUT)
                                                     -7.154    -4.439 r  dcm_sp_inst/CLKFBOUT
                         net (fo=1, estimated)        1.719    -2.720    clk0
    BUFGCTRL_X0Y16       BUFG (Prop_bufg_I_O)         0.096    -2.624 r  bufg_inst2/O
                         net (fo=4172, estimated)     1.702    -0.922    transmitter_inst_1/dac_interface_inst_1/clk
    SLICE_X77Y147        FDRE                                         r  transmitter_inst_1/dac_interface_inst_1/dac_5_reg/C
  -------------------------------------------------------------------    -------------------
    SLICE_X77Y147        FDRE (Prop_fdre_C_Q)         0.419    -0.503 r  transmitter_inst_1/dac_interface_inst_1/dac_5_reg/Q
                         net (fo=1, estimated)        2.568     2.065    transmitter_inst_1/dac_interface_inst_1/serdes_inst_1/input_5
    OLOGIC_X0Y139        OSERDESE2                                    r  transmitter_inst_1/dac_interface_inst_1/serdes_inst_1/oserdese2_inst/D6
  -------------------------------------------------------------------    -------------------

                         (clock clk_100_s rise edge)
                                                     10.000    10.000 r  
    E3                                                0.000    10.000 r  clk_in (IN)
                         net (fo=0)                   0.000    10.000    clk_in
    E3                   IBUF (Prop_ibuf_I_O)         1.411    11.411 r  clkin1_buf/O
                         net (fo=1, estimated)        1.171    12.583    clkin1
    MMCME2_ADV_X1Y2      MMCME2_ADV (Prop_mmcme2_adv_CLKIN1_CLKFBOUT)
                                                     -7.404     5.179 r  dcm_sp_inst/CLKFBOUT
                         net (fo=1, estimated)        1.633     6.812    clk0
    BUFGCTRL_X0Y16       BUFG (Prop_bufg_I_O)         0.091     6.903 r  bufg_inst2/O
                         net (fo=4172, estimated)     1.767     8.670    transmitter_inst_1/dac_interface_inst_1/serdes_inst_1/clk
    PLLE2_ADV_X0Y0       PLLE2_ADV (Prop_plle2_adv_CLKIN1_CLKOUT0)
                                                     -3.771     4.898 r  transmitter_inst_1/dac_interface_inst_1/serdes_inst_1/plle2_base_inst/CLKOUT0
                         net (fo=1, estimated)        1.911     6.810    transmitter_inst_1/dac_interface_inst_1/serdes_inst_1/clk_100_s
    BUFGCTRL_X0Y0        BUFG (Prop_bufg_I_O)         0.091     6.901 r  transmitter_inst_1/dac_interface_inst_1/serdes_inst_1/bufg_inst_1/O
                         net (fo=1, estimated)        1.973     8.874    transmitter_inst_1/dac_interface_inst_1/serdes_inst_1/clk_100
    OLOGIC_X0Y139        OSERDESE2                                    r  transmitter_inst_1/dac_interface_inst_1/serdes_inst_1/oserdese2_inst/CLKDIV
                         clock pessimism              0.473     9.347    
                         clock uncertainty           -0.242     9.105    
    OLOGIC_X0Y139        OSERDESE2 (Setup_oserdese2_CLKDIV_D6)
                                                     -0.800     8.305    transmitter_inst_1/dac_interface_inst_1/serdes_inst_1/oserdese2_inst
  -------------------------------------------------------------------
                         required time                          8.305    
                         arrival time                          -2.065    
  -------------------------------------------------------------------
                         slack                                  6.240    





Min Delay Paths
--------------------------------------------------------------------------------------
Slack (MET) :             0.194ns  (arrival time - required time)
  Source:                 transmitter_inst_1/dac_interface_inst_1/dac_3_reg/C
                            (rising edge-triggered cell FDRE clocked by clk0  {rise@0.000ns fall@5.000ns period=10.000ns})
  Destination:            transmitter_inst_1/dac_interface_inst_1/serdes_inst_1/oserdese2_inst/D4
                            (rising edge-triggered cell OSERDESE2 clocked by clk_100_s  {rise@0.000ns fall@5.000ns period=10.000ns})
  Path Group:             clk_100_s
  Path Type:              Hold (Min at Fast Process Corner)
  Requirement:            0.000ns  (clk_100_s rise@0.000ns - clk0 rise@0.000ns)
  Data Path Delay:        0.906ns  (logic 0.141ns (15.555%)  route 0.765ns (84.445%))
  Logic Levels:           0  
  Clock Path Skew:        0.452ns (DCD - SCD - CPR)
    Destination Clock Delay (DCD):    -0.643ns
    Source Clock Delay      (SCD):    -0.571ns
    Clock Pessimism Removal (CPR):    -0.525ns
  Clock Uncertainty:      0.242ns  ((TSJ^2 + DJ^2)^1/2) / 2 + PE
    Total System Jitter     (TSJ):    0.071ns
    Discrete Jitter          (DJ):    0.145ns
    Phase Error              (PE):    0.162ns

    Location             Delay type                Incr(ns)  Path(ns)    Netlist Resource(s)
  -------------------------------------------------------------------    -------------------
                         (clock clk0 rise edge)       0.000     0.000 r  
    E3                                                0.000     0.000 r  clk_in (IN)
                         net (fo=0)                   0.000     0.000    clk_in
    E3                   IBUF (Prop_ibuf_I_O)         0.250     0.250 r  clkin1_buf/O
                         net (fo=1, estimated)        0.520     0.769    clkin1
    MMCME2_ADV_X1Y2      MMCME2_ADV (Prop_mmcme2_adv_CLKIN1_CLKFBOUT)
                                                     -2.648    -1.878 r  dcm_sp_inst/CLKFBOUT
                         net (fo=1, estimated)        0.725    -1.154    clk0
    BUFGCTRL_X0Y16       BUFG (Prop_bufg_I_O)         0.026    -1.128 r  bufg_inst2/O
                         net (fo=4172, estimated)     0.557    -0.571    transmitter_inst_1/dac_interface_inst_1/clk
    SLICE_X49Y138        FDRE                                         r  transmitter_inst_1/dac_interface_inst_1/dac_3_reg/C
  -------------------------------------------------------------------    -------------------
    SLICE_X49Y138        FDRE (Prop_fdre_C_Q)         0.141    -0.430 r  transmitter_inst_1/dac_interface_inst_1/dac_3_reg/Q
                         net (fo=1, estimated)        0.765     0.336    transmitter_inst_1/dac_interface_inst_1/serdes_inst_1/input_3
    OLOGIC_X0Y139        OSERDESE2                                    r  transmitter_inst_1/dac_interface_inst_1/serdes_inst_1/oserdese2_inst/D4
  -------------------------------------------------------------------    -------------------

                         (clock clk_100_s rise edge)
                                                      0.000     0.000 r  
    E3                                                0.000     0.000 r  clk_in (IN)
                         net (fo=0)                   0.000     0.000    clk_in
    E3                   IBUF (Prop_ibuf_I_O)         0.438     0.438 r  clkin1_buf/O
                         net (fo=1, estimated)        0.547     0.985    clkin1
    MMCME2_ADV_X1Y2      MMCME2_ADV (Prop_mmcme2_adv_CLKIN1_CLKFBOUT)
                                                     -3.429    -2.444 r  dcm_sp_inst/CLKFBOUT
                         net (fo=1, estimated)        0.763    -1.681    clk0
    BUFGCTRL_X0Y16       BUFG (Prop_bufg_I_O)         0.029    -1.652 r  bufg_inst2/O
                         net (fo=4172, estimated)     0.943    -0.709    transmitter_inst_1/dac_interface_inst_1/serdes_inst_1/clk
    PLLE2_ADV_X0Y0       PLLE2_ADV (Prop_plle2_adv_CLKIN1_CLKOUT0)
                                                     -1.867    -2.576 r  transmitter_inst_1/dac_interface_inst_1/serdes_inst_1/plle2_base_inst/CLKOUT0
                         net (fo=1, estimated)        0.893    -1.683    transmitter_inst_1/dac_interface_inst_1/serdes_inst_1/clk_100_s
    BUFGCTRL_X0Y0        BUFG (Prop_bufg_I_O)         0.029    -1.654 r  transmitter_inst_1/dac_interface_inst_1/serdes_inst_1/bufg_inst_1/O
                         net (fo=1, estimated)        1.011    -0.643    transmitter_inst_1/dac_interface_inst_1/serdes_inst_1/clk_100
    OLOGIC_X0Y139        OSERDESE2                                    r  transmitter_inst_1/dac_interface_inst_1/serdes_inst_1/oserdese2_inst/CLKDIV
                         clock pessimism              0.525    -0.119    
                         clock uncertainty            0.242     0.123    
    OLOGIC_X0Y139        OSERDESE2 (Hold_oserdese2_CLKDIV_D4)
                                                      0.019     0.142    transmitter_inst_1/dac_interface_inst_1/serdes_inst_1/oserdese2_inst
  -------------------------------------------------------------------
                         required time                         -0.142    
                         arrival time                           0.336    
  -------------------------------------------------------------------
                         slack                                  0.194    





