Copyright 1986-2016 Xilinx, Inc. All Rights Reserved.
------------------------------------------------------------------------------------
| Tool Version : Vivado v.2016.3 (lin64) Build 1682563 Mon Oct 10 19:07:26 MDT 2016
| Date         : Tue Nov 15 21:09:43 2016
| Host         : jon-GA-MA770T-ES3 running 64-bit Linux Mint 17.2 Rafaela
| Command      : report_timing_summary -file ./post_route_timing_summary.rpt
| Design       : bsp
| Device       : 7a100t-csg324
| Speed File   : -1  PRODUCTION 1.15 2016-08-17
------------------------------------------------------------------------------------

Timing Summary Report

------------------------------------------------------------------------------------------------
| Timer Settings
| --------------
------------------------------------------------------------------------------------------------

  Enable Multi Corner Analysis               :  Yes
  Enable Pessimism Removal                   :  Yes
  Pessimism Removal Resolution               :  Nearest Common Node
  Enable Input Delay Default Clock           :  No
  Enable Preset / Clear Arcs                 :  No
  Disable Flight Delays                      :  No
  Ignore I/O Paths                           :  No
  Timing Early Launch at Borrowing Latches   :  false

  Corner  Analyze    Analyze    
  Name    Max Paths  Min Paths  
  ------  ---------  ---------  
  Slow    Yes        Yes        
  Fast    Yes        Yes        



check_timing report

Table of Contents
-----------------
1. checking no_clock
2. checking constant_clock
3. checking pulse_width_clock
4. checking unconstrained_internal_endpoints
5. checking no_input_delay
6. checking no_output_delay
7. checking multiple_clock
8. checking generated_clocks
9. checking loops
10. checking partial_input_delay
11. checking partial_output_delay
12. checking latch_loops

1. checking no_clock
--------------------
 There are 0 register/latch pins with no clock.


2. checking constant_clock
--------------------------
 There are 0 register/latch pins with constant_clock.


3. checking pulse_width_clock
-----------------------------
 There are 0 register/latch pins which need pulse_width check


4. checking unconstrained_internal_endpoints
--------------------------------------------
 There are 0 pins that are not constrained for maximum delay.

 There are 0 pins that are not constrained for maximum delay due to constant clock.


5. checking no_input_delay
--------------------------
 There is 1 input port with no input delay specified. (HIGH)

 There are 0 input ports with no input delay but user has a false path constraint.


6. checking no_output_delay
---------------------------
 There are 12 ports with no output delay specified. (HIGH)

 There are 0 ports with no output delay but user has a false path constraint

 There are 0 ports with no output delay but with a timing clock defined on it or propagating through it


7. checking multiple_clock
--------------------------
 There are 0 register/latch pins with multiple clocks.


8. checking generated_clocks
----------------------------
 There are 0 generated clocks that are not connected to a clock source.


9. checking loops
-----------------
 There are 0 combinational loops in the design.


10. checking partial_input_delay
--------------------------------
 There are 0 input ports with partial input delay specified.


11. checking partial_output_delay
---------------------------------
 There are 0 ports with partial output delay specified.


12. checking latch_loops
------------------------
 There are 0 combinational latch loops in the design through latch input



------------------------------------------------------------------------------------------------
| Design Timing Summary
| ---------------------
------------------------------------------------------------------------------------------------

    WNS(ns)      TNS(ns)  TNS Failing Endpoints  TNS Total Endpoints      WHS(ns)      THS(ns)  THS Failing Endpoints  THS Total Endpoints     WPWS(ns)     TPWS(ns)  TPWS Failing Endpoints  TPWS Total Endpoints  
    -------      -------  ---------------------  -------------------      -------      -------  ---------------------  -------------------     --------     --------  ----------------------  --------------------  
     -0.588       -8.786                     42                23469        0.014        0.000                      0                23469        0.345        0.000                       0                  4208  


Timing constraints are not met.


------------------------------------------------------------------------------------------------
| Clock Summary
| -------------
------------------------------------------------------------------------------------------------

Clock          Waveform(ns)         Period(ns)      Frequency(MHz)
-----          ------------         ----------      --------------
sys_clk_pin    {0.000 5.000}        10.000          100.000         
  clk0         {0.000 5.000}        10.000          100.000         
    clk_100_s  {0.000 5.000}        10.000          100.000         
    clk_400_s  {0.000 1.250}        2.500           400.000         
    clkfbout   {0.000 5.000}        10.000          100.000         


------------------------------------------------------------------------------------------------
| Intra Clock Table
| -----------------
------------------------------------------------------------------------------------------------

Clock              WNS(ns)      TNS(ns)  TNS Failing Endpoints  TNS Total Endpoints      WHS(ns)      THS(ns)  THS Failing Endpoints  THS Total Endpoints     WPWS(ns)     TPWS(ns)  TPWS Failing Endpoints  TPWS Total Endpoints  
-----              -------      -------  ---------------------  -------------------      -------      -------  ---------------------  -------------------     --------     --------  ----------------------  --------------------  
sys_clk_pin                                                                                                                                                      3.000        0.000                       0                     1  
  clk0              -0.588       -8.786                     42                23461        0.014        0.000                      0                23461        3.000        0.000                       0                  4198  
    clk_100_s                                                                                                                                                    7.845        0.000                       0                     3  
    clk_400_s                                                                                                                                                    0.345        0.000                       0                     3  
    clkfbout                                                                                                                                                     7.845        0.000                       0                     3  


------------------------------------------------------------------------------------------------
| Inter Clock Table
| -----------------
------------------------------------------------------------------------------------------------

From Clock    To Clock          WNS(ns)      TNS(ns)  TNS Failing Endpoints  TNS Total Endpoints      WHS(ns)      THS(ns)  THS Failing Endpoints  THS Total Endpoints  
----------    --------          -------      -------  ---------------------  -------------------      -------      -------  ---------------------  -------------------  
clk0          clk_100_s           5.902        0.000                      0                    8        0.152        0.000                      0                    8  


------------------------------------------------------------------------------------------------
| Other Path Groups Table
| -----------------------
------------------------------------------------------------------------------------------------

Path Group    From Clock    To Clock          WNS(ns)      TNS(ns)  TNS Failing Endpoints  TNS Total Endpoints      WHS(ns)      THS(ns)  THS Failing Endpoints  THS Total Endpoints  
----------    ----------    --------          -------      -------  ---------------------  -------------------      -------      -------  ---------------------  -------------------  


------------------------------------------------------------------------------------------------
| Timing Details
| --------------
------------------------------------------------------------------------------------------------


---------------------------------------------------------------------------------------------------
From Clock:  sys_clk_pin
  To Clock:  sys_clk_pin

Setup :           NA  Failing Endpoints,  Worst Slack           NA  ,  Total Violation           NA
Hold  :           NA  Failing Endpoints,  Worst Slack           NA  ,  Total Violation           NA
PW    :            0  Failing Endpoints,  Worst Slack        3.000ns,  Total Violation        0.000ns
---------------------------------------------------------------------------------------------------


Pulse Width Checks
--------------------------------------------------------------------------------------
Clock Name:         sys_clk_pin
Waveform(ns):       { 0.000 5.000 }
Period(ns):         10.000
Sources:            { clk_in }

Check Type        Corner  Lib Pin            Reference Pin  Required(ns)  Actual(ns)  Slack(ns)  Location         Pin
Min Period        n/a     MMCME2_ADV/CLKIN1  n/a            1.249         10.000      8.751      MMCME2_ADV_X1Y2  dcm_sp_inst/CLKIN1
Max Period        n/a     MMCME2_ADV/CLKIN1  n/a            100.000       10.000      90.000     MMCME2_ADV_X1Y2  dcm_sp_inst/CLKIN1
Low Pulse Width   Slow    MMCME2_ADV/CLKIN1  n/a            2.000         5.000       3.000      MMCME2_ADV_X1Y2  dcm_sp_inst/CLKIN1
High Pulse Width  Fast    MMCME2_ADV/CLKIN1  n/a            2.000         5.000       3.000      MMCME2_ADV_X1Y2  dcm_sp_inst/CLKIN1



---------------------------------------------------------------------------------------------------
From Clock:  clk0
  To Clock:  clk0

Setup :           42  Failing Endpoints,  Worst Slack       -0.588ns,  Total Violation       -8.786ns
Hold  :            0  Failing Endpoints,  Worst Slack        0.014ns,  Total Violation        0.000ns
PW    :            0  Failing Endpoints,  Worst Slack        3.000ns,  Total Violation        0.000ns
---------------------------------------------------------------------------------------------------


Max Delay Paths
--------------------------------------------------------------------------------------
Slack (VIOLATED) :        -0.588ns  (required time - arrival time)
  Source:                 transmitter_inst_1/dac_interface_inst_1/rand_7_reg[15]/C
                            (rising edge-triggered cell FDRE clocked by clk0  {rise@0.000ns fall@5.000ns period=10.000ns})
  Destination:            transmitter_inst_1/dac_interface_inst_1/psdsp_1/D
                            (rising edge-triggered cell FDRE clocked by clk0  {rise@0.000ns fall@5.000ns period=10.000ns})
  Path Group:             clk0
  Path Type:              Setup (Max at Slow Process Corner)
  Requirement:            10.000ns  (clk0 rise@10.000ns - clk0 rise@0.000ns)
  Data Path Delay:        10.288ns  (logic 8.274ns (80.422%)  route 2.014ns (19.578%))
  Logic Levels:           8  (CARRY4=5 DSP48E1=2 LUT2=1)
  Clock Path Skew:        -0.042ns (DCD - SCD + CPR)
    Destination Clock Delay (DCD):    -1.301ns = ( 8.699 - 10.000 ) 
    Source Clock Delay      (SCD):    -0.691ns
    Clock Pessimism Removal (CPR):    0.569ns
  Clock Uncertainty:      0.059ns  ((TSJ^2 + DJ^2)^1/2) / 2 + PE
    Total System Jitter     (TSJ):    0.071ns
    Discrete Jitter          (DJ):    0.096ns
    Phase Error              (PE):    0.000ns

    Location             Delay type                Incr(ns)  Path(ns)    Netlist Resource(s)
  -------------------------------------------------------------------    -------------------
                         (clock clk0 rise edge)       0.000     0.000 r  
    E3                                                0.000     0.000 r  clk_in (IN)
                         net (fo=0)                   0.000     0.000    clk_in
    E3                   IBUF (Prop_ibuf_I_O)         1.482     1.482 r  clkin1_buf/O
                         net (fo=1, routed)           1.233     2.715    clkin1
    MMCME2_ADV_X1Y2      MMCME2_ADV (Prop_mmcme2_adv_CLKIN1_CLKFBOUT)
                                                     -7.070    -4.355 r  dcm_sp_inst/CLKFBOUT
                         net (fo=1, routed)           1.719    -2.636    clk0
    BUFGCTRL_X0Y16       BUFG (Prop_bufg_I_O)         0.096    -2.540 r  bufg_inst2/O
                         net (fo=4200, routed)        1.849    -0.691    transmitter_inst_1/dac_interface_inst_1/clk
    SLICE_X78Y153        FDRE                                         r  transmitter_inst_1/dac_interface_inst_1/rand_7_reg[15]/C
  -------------------------------------------------------------------    -------------------
    SLICE_X78Y153        FDRE (Prop_fdre_C_Q)         0.518    -0.173 r  transmitter_inst_1/dac_interface_inst_1/rand_7_reg[15]/Q
                         net (fo=4, routed)           0.387     0.214    transmitter_inst_1/dac_interface_inst_1/rand_7[15]
    DSP48_X2Y61          DSP48E1 (Prop_dsp48e1_A[15]_PCOUT[47])
                                                      4.036     4.250 r  transmitter_inst_1/dac_interface_inst_1/rand_71__0/PCOUT[47]
                         net (fo=1, routed)           0.002     4.252    transmitter_inst_1/dac_interface_inst_1/rand_71__0_n_106
    DSP48_X2Y62          DSP48E1 (Prop_dsp48e1_PCIN[47]_P[0])
                                                      1.518     5.770 r  transmitter_inst_1/dac_interface_inst_1/rand_71__1/P[0]
                         net (fo=2, routed)           0.694     6.464    transmitter_inst_1/dac_interface_inst_1/rand_71__1_n_105
    SLICE_X79Y154        LUT2 (Prop_lut2_I0_O)        0.124     6.588 r  transmitter_inst_1/dac_interface_inst_1/rand_71_carry_i_3/O
                         net (fo=1, routed)           0.000     6.588    transmitter_inst_1/dac_interface_inst_1/rand_71_carry_i_3_n_0
    SLICE_X79Y154        CARRY4 (Prop_carry4_S[1]_CO[3])
                                                      0.550     7.138 r  transmitter_inst_1/dac_interface_inst_1/rand_71_carry/CO[3]
                         net (fo=1, routed)           0.000     7.138    transmitter_inst_1/dac_interface_inst_1/rand_71_carry_n_0
    SLICE_X79Y155        CARRY4 (Prop_carry4_CI_O[2])
                                                      0.239     7.377 r  transmitter_inst_1/dac_interface_inst_1/rand_71_carry__0/O[2]
                         net (fo=1, routed)           0.589     7.966    transmitter_inst_1/dac_interface_inst_1/rand_71_carry__0_n_5
    SLICE_X78Y155        CARRY4 (Prop_carry4_S[1]_CO[3])
                                                      0.835     8.801 r  transmitter_inst_1/dac_interface_inst_1/rand_70_carry__4/CO[3]
                         net (fo=1, routed)           0.000     8.801    transmitter_inst_1/dac_interface_inst_1/rand_70_carry__4_n_0
    SLICE_X78Y156        CARRY4 (Prop_carry4_CI_CO[3])
                                                      0.117     8.918 r  transmitter_inst_1/dac_interface_inst_1/rand_70_carry__5/CO[3]
                         net (fo=1, routed)           0.000     8.918    transmitter_inst_1/dac_interface_inst_1/rand_70_carry__5_n_0
    SLICE_X78Y157        CARRY4 (Prop_carry4_CI_O[1])
                                                      0.337     9.255 r  transmitter_inst_1/dac_interface_inst_1/rand_70_carry__6/O[1]
                         net (fo=2, routed)           0.343     9.598    transmitter_inst_1/dac_interface_inst_1/rand_70_carry__6_n_6
    SLICE_X80Y158        FDRE                                         r  transmitter_inst_1/dac_interface_inst_1/psdsp_1/D
  -------------------------------------------------------------------    -------------------

                         (clock clk0 rise edge)      10.000    10.000 r  
    E3                                                0.000    10.000 r  clk_in (IN)
                         net (fo=0)                   0.000    10.000    clk_in
    E3                   IBUF (Prop_ibuf_I_O)         1.411    11.411 r  clkin1_buf/O
                         net (fo=1, routed)           1.162    12.573    clkin1
    MMCME2_ADV_X1Y2      MMCME2_ADV (Prop_mmcme2_adv_CLKIN1_CLKFBOUT)
                                                     -7.324     5.249 r  dcm_sp_inst/CLKFBOUT
                         net (fo=1, routed)           1.639     6.888    clk0
    BUFGCTRL_X0Y16       BUFG (Prop_bufg_I_O)         0.091     6.979 r  bufg_inst2/O
                         net (fo=4200, routed)        1.719     8.699    transmitter_inst_1/dac_interface_inst_1/clk
    SLICE_X80Y158        FDRE                                         r  transmitter_inst_1/dac_interface_inst_1/psdsp_1/C
                         clock pessimism              0.569     9.267    
                         clock uncertainty           -0.059     9.208    
    SLICE_X80Y158        FDRE (Setup_fdre_C_D)       -0.198     9.010    transmitter_inst_1/dac_interface_inst_1/psdsp_1
  -------------------------------------------------------------------
                         required time                          9.010    
                         arrival time                          -9.598    
  -------------------------------------------------------------------
                         slack                                 -0.588    





Min Delay Paths
--------------------------------------------------------------------------------------
Slack (MET) :             0.014ns  (arrival time - required time)
  Source:                 transmitter_inst_1/nco_inst_1/tree_011_reg[29]/C
                            (rising edge-triggered cell FDRE clocked by clk0  {rise@0.000ns fall@5.000ns period=10.000ns})
  Destination:            transmitter_inst_1/nco_inst_1/w_2_reg_rep_bsel/ADDRBWRADDR[11]
                            (rising edge-triggered cell RAMB18E1 clocked by clk0  {rise@0.000ns fall@5.000ns period=10.000ns})
  Path Group:             clk0
  Path Type:              Hold (Min at Fast Process Corner)
  Requirement:            0.000ns  (clk0 rise@0.000ns - clk0 rise@0.000ns)
  Data Path Delay:        0.596ns  (logic 0.164ns (27.535%)  route 0.432ns (72.465%))
  Logic Levels:           0  
  Clock Path Skew:        0.399ns (DCD - SCD - CPR)
    Destination Clock Delay (DCD):    -0.703ns
    Source Clock Delay      (SCD):    -0.598ns
    Clock Pessimism Removal (CPR):    -0.504ns

    Location             Delay type                Incr(ns)  Path(ns)    Netlist Resource(s)
  -------------------------------------------------------------------    -------------------
                         (clock clk0 rise edge)       0.000     0.000 r  
    E3                                                0.000     0.000 r  clk_in (IN)
                         net (fo=0)                   0.000     0.000    clk_in
    E3                   IBUF (Prop_ibuf_I_O)         0.250     0.250 r  clkin1_buf/O
                         net (fo=1, routed)           0.440     0.690    clkin1
    MMCME2_ADV_X1Y2      MMCME2_ADV (Prop_mmcme2_adv_CLKIN1_CLKFBOUT)
                                                     -2.379    -1.689 r  dcm_sp_inst/CLKFBOUT
                         net (fo=1, routed)           0.499    -1.190    clk0
    BUFGCTRL_X0Y16       BUFG (Prop_bufg_I_O)         0.026    -1.164 r  bufg_inst2/O
                         net (fo=4200, routed)        0.566    -0.598    transmitter_inst_1/nco_inst_1/clk
    SLICE_X30Y148        FDRE                                         r  transmitter_inst_1/nco_inst_1/tree_011_reg[29]/C
  -------------------------------------------------------------------    -------------------
    SLICE_X30Y148        FDRE (Prop_fdre_C_Q)         0.164    -0.434 r  transmitter_inst_1/nco_inst_1/tree_011_reg[29]/Q
                         net (fo=2, routed)           0.432    -0.003    transmitter_inst_1/nco_inst_1/tree_011[29]
    RAMB18_X0Y60         RAMB18E1                                     r  transmitter_inst_1/nco_inst_1/w_2_reg_rep_bsel/ADDRBWRADDR[11]
  -------------------------------------------------------------------    -------------------

                         (clock clk0 rise edge)       0.000     0.000 r  
    E3                                                0.000     0.000 r  clk_in (IN)
                         net (fo=0)                   0.000     0.000    clk_in
    E3                   IBUF (Prop_ibuf_I_O)         0.438     0.438 r  clkin1_buf/O
                         net (fo=1, routed)           0.480     0.918    clkin1
    MMCME2_ADV_X1Y2      MMCME2_ADV (Prop_mmcme2_adv_CLKIN1_CLKFBOUT)
                                                     -3.163    -2.245 r  dcm_sp_inst/CLKFBOUT
                         net (fo=1, routed)           0.544    -1.702    clk0
    BUFGCTRL_X0Y16       BUFG (Prop_bufg_I_O)         0.029    -1.673 r  bufg_inst2/O
                         net (fo=4200, routed)        0.970    -0.703    transmitter_inst_1/nco_inst_1/clk
    RAMB18_X0Y60         RAMB18E1                                     r  transmitter_inst_1/nco_inst_1/w_2_reg_rep_bsel/CLKBWRCLK
                         clock pessimism              0.504    -0.199    
    RAMB18_X0Y60         RAMB18E1 (Hold_ramb18e1_CLKBWRCLK_ADDRBWRADDR[11])
                                                      0.183    -0.016    transmitter_inst_1/nco_inst_1/w_2_reg_rep_bsel
  -------------------------------------------------------------------
                         required time                          0.016    
                         arrival time                          -0.003    
  -------------------------------------------------------------------
                         slack                                  0.014    





Pulse Width Checks
--------------------------------------------------------------------------------------
Clock Name:         clk0
Waveform(ns):       { 0.000 5.000 }
Period(ns):         10.000
Sources:            { dcm_sp_inst/CLKFBOUT }

Check Type        Corner  Lib Pin             Reference Pin  Required(ns)  Actual(ns)  Slack(ns)  Location        Pin
Min Period        n/a     RAMB36E1/CLKARDCLK  n/a            2.576         10.000      7.424      RAMB36_X1Y30    user_design_inst_1/main_0_139800460159384/program_counter_reg_rep_0/CLKARDCLK
Max Period        n/a     PLLE2_ADV/CLKIN1    n/a            52.633        10.000      42.633     PLLE2_ADV_X0Y0  transmitter_inst_1/dac_interface_inst_1/serdes_inst_1/plle2_base_inst/CLKIN1
Low Pulse Width   Slow    PLLE2_ADV/CLKIN1    n/a            2.000         5.000       3.000      PLLE2_ADV_X0Y0  transmitter_inst_1/dac_interface_inst_1/serdes_inst_1/plle2_base_inst/CLKIN1
High Pulse Width  Slow    PLLE2_ADV/CLKIN1    n/a            2.000         5.000       3.000      PLLE2_ADV_X0Y0  transmitter_inst_1/dac_interface_inst_1/serdes_inst_1/plle2_base_inst/CLKIN1



---------------------------------------------------------------------------------------------------
From Clock:  clk_100_s
  To Clock:  clk_100_s

Setup :           NA  Failing Endpoints,  Worst Slack           NA  ,  Total Violation           NA
Hold  :           NA  Failing Endpoints,  Worst Slack           NA  ,  Total Violation           NA
PW    :            0  Failing Endpoints,  Worst Slack        7.845ns,  Total Violation        0.000ns
---------------------------------------------------------------------------------------------------


Pulse Width Checks
--------------------------------------------------------------------------------------
Clock Name:         clk_100_s
Waveform(ns):       { 0.000 5.000 }
Period(ns):         10.000
Sources:            { transmitter_inst_1/dac_interface_inst_1/serdes_inst_1/plle2_base_inst/CLKOUT0 }

Check Type  Corner  Lib Pin            Reference Pin  Required(ns)  Actual(ns)  Slack(ns)  Location        Pin
Min Period  n/a     BUFG/I             n/a            2.155         10.000      7.845      BUFGCTRL_X0Y0   transmitter_inst_1/dac_interface_inst_1/serdes_inst_1/bufg_inst_1/I
Max Period  n/a     PLLE2_ADV/CLKOUT0  n/a            160.000       10.000      150.000    PLLE2_ADV_X0Y0  transmitter_inst_1/dac_interface_inst_1/serdes_inst_1/plle2_base_inst/CLKOUT0



---------------------------------------------------------------------------------------------------
From Clock:  clk_400_s
  To Clock:  clk_400_s

Setup :           NA  Failing Endpoints,  Worst Slack           NA  ,  Total Violation           NA
Hold  :           NA  Failing Endpoints,  Worst Slack           NA  ,  Total Violation           NA
PW    :            0  Failing Endpoints,  Worst Slack        0.345ns,  Total Violation        0.000ns
---------------------------------------------------------------------------------------------------


Pulse Width Checks
--------------------------------------------------------------------------------------
Clock Name:         clk_400_s
Waveform(ns):       { 0.000 1.250 }
Period(ns):         2.500
Sources:            { transmitter_inst_1/dac_interface_inst_1/serdes_inst_1/plle2_base_inst/CLKOUT1 }

Check Type  Corner  Lib Pin            Reference Pin  Required(ns)  Actual(ns)  Slack(ns)  Location        Pin
Min Period  n/a     BUFG/I             n/a            2.155         2.500       0.345      BUFGCTRL_X0Y1   transmitter_inst_1/dac_interface_inst_1/serdes_inst_1/bufg_inst_2/I
Max Period  n/a     PLLE2_ADV/CLKOUT1  n/a            160.000       2.500       157.500    PLLE2_ADV_X0Y0  transmitter_inst_1/dac_interface_inst_1/serdes_inst_1/plle2_base_inst/CLKOUT1



---------------------------------------------------------------------------------------------------
From Clock:  clkfbout
  To Clock:  clkfbout

Setup :           NA  Failing Endpoints,  Worst Slack           NA  ,  Total Violation           NA
Hold  :           NA  Failing Endpoints,  Worst Slack           NA  ,  Total Violation           NA
PW    :            0  Failing Endpoints,  Worst Slack        7.845ns,  Total Violation        0.000ns
---------------------------------------------------------------------------------------------------


Pulse Width Checks
--------------------------------------------------------------------------------------
Clock Name:         clkfbout
Waveform(ns):       { 0.000 5.000 }
Period(ns):         10.000
Sources:            { transmitter_inst_1/dac_interface_inst_1/serdes_inst_1/plle2_base_inst/CLKFBOUT }

Check Type  Corner  Lib Pin            Reference Pin  Required(ns)  Actual(ns)  Slack(ns)  Location        Pin
Min Period  n/a     BUFG/I             n/a            2.155         10.000      7.845      BUFGCTRL_X0Y2   transmitter_inst_1/dac_interface_inst_1/serdes_inst_1/bufg_inst_4/I
Max Period  n/a     PLLE2_ADV/CLKFBIN  n/a            52.633        10.000      42.633     PLLE2_ADV_X0Y0  transmitter_inst_1/dac_interface_inst_1/serdes_inst_1/plle2_base_inst/CLKFBIN



---------------------------------------------------------------------------------------------------
From Clock:  clk0
  To Clock:  clk_100_s

Setup :            0  Failing Endpoints,  Worst Slack        5.902ns,  Total Violation        0.000ns
Hold  :            0  Failing Endpoints,  Worst Slack        0.152ns,  Total Violation        0.000ns
---------------------------------------------------------------------------------------------------


Max Delay Paths
--------------------------------------------------------------------------------------
Slack (MET) :             5.902ns  (required time - arrival time)
  Source:                 transmitter_inst_1/dac_interface_inst_1/dac_4_reg/C
                            (rising edge-triggered cell FDRE clocked by clk0  {rise@0.000ns fall@5.000ns period=10.000ns})
  Destination:            transmitter_inst_1/dac_interface_inst_1/serdes_inst_1/oserdese2_inst/D5
                            (rising edge-triggered cell OSERDESE2 clocked by clk_100_s  {rise@0.000ns fall@5.000ns period=10.000ns})
  Path Group:             clk_100_s
  Path Type:              Setup (Max at Slow Process Corner)
  Requirement:            10.000ns  (clk_100_s rise@10.000ns - clk0 rise@0.000ns)
  Data Path Delay:        3.015ns  (logic 0.518ns (17.182%)  route 2.497ns (82.818%))
  Logic Levels:           0  
  Clock Path Skew:        -0.216ns (DCD - SCD + CPR)
    Destination Clock Delay (DCD):    -1.448ns = ( 8.552 - 10.000 ) 
    Source Clock Delay      (SCD):    -0.752ns
    Clock Pessimism Removal (CPR):    0.480ns
  Clock Uncertainty:      0.242ns  ((TSJ^2 + DJ^2)^1/2) / 2 + PE
    Total System Jitter     (TSJ):    0.071ns
    Discrete Jitter          (DJ):    0.145ns
    Phase Error              (PE):    0.162ns

    Location             Delay type                Incr(ns)  Path(ns)    Netlist Resource(s)
  -------------------------------------------------------------------    -------------------
                         (clock clk0 rise edge)       0.000     0.000 r  
    E3                                                0.000     0.000 r  clk_in (IN)
                         net (fo=0)                   0.000     0.000    clk_in
    E3                   IBUF (Prop_ibuf_I_O)         1.482     1.482 r  clkin1_buf/O
                         net (fo=1, routed)           1.233     2.715    clkin1
    MMCME2_ADV_X1Y2      MMCME2_ADV (Prop_mmcme2_adv_CLKIN1_CLKFBOUT)
                                                     -7.070    -4.355 r  dcm_sp_inst/CLKFBOUT
                         net (fo=1, routed)           1.719    -2.636    clk0
    BUFGCTRL_X0Y16       BUFG (Prop_bufg_I_O)         0.096    -2.540 r  bufg_inst2/O
                         net (fo=4200, routed)        1.788    -0.752    transmitter_inst_1/dac_interface_inst_1/clk
    SLICE_X56Y163        FDRE                                         r  transmitter_inst_1/dac_interface_inst_1/dac_4_reg/C
  -------------------------------------------------------------------    -------------------
    SLICE_X56Y163        FDRE (Prop_fdre_C_Q)         0.518    -0.234 r  transmitter_inst_1/dac_interface_inst_1/dac_4_reg/Q
                         net (fo=1, routed)           2.497     2.263    transmitter_inst_1/dac_interface_inst_1/serdes_inst_1/input_4
    OLOGIC_X0Y139        OSERDESE2                                    r  transmitter_inst_1/dac_interface_inst_1/serdes_inst_1/oserdese2_inst/D5
  -------------------------------------------------------------------    -------------------

                         (clock clk_100_s rise edge)
                                                     10.000    10.000 r  
    E3                                                0.000    10.000 r  clk_in (IN)
                         net (fo=0)                   0.000    10.000    clk_in
    E3                   IBUF (Prop_ibuf_I_O)         1.411    11.411 r  clkin1_buf/O
                         net (fo=1, routed)           1.162    12.573    clkin1
    MMCME2_ADV_X1Y2      MMCME2_ADV (Prop_mmcme2_adv_CLKIN1_CLKFBOUT)
                                                     -7.324     5.249 r  dcm_sp_inst/CLKFBOUT
                         net (fo=1, routed)           1.639     6.888    clk0
    BUFGCTRL_X0Y16       BUFG (Prop_bufg_I_O)         0.091     6.979 r  bufg_inst2/O
                         net (fo=4200, routed)        1.705     8.684    transmitter_inst_1/dac_interface_inst_1/serdes_inst_1/clk
    PLLE2_ADV_X0Y0       PLLE2_ADV (Prop_plle2_adv_CLKIN1_CLKOUT0)
                                                     -3.711     4.973 r  transmitter_inst_1/dac_interface_inst_1/serdes_inst_1/plle2_base_inst/CLKOUT0
                         net (fo=1, routed)           1.918     6.891    transmitter_inst_1/dac_interface_inst_1/serdes_inst_1/clk_100_s
    BUFGCTRL_X0Y0        BUFG (Prop_bufg_I_O)         0.091     6.982 r  transmitter_inst_1/dac_interface_inst_1/serdes_inst_1/bufg_inst_1/O
                         net (fo=1, routed)           1.569     8.552    transmitter_inst_1/dac_interface_inst_1/serdes_inst_1/clk_100
    OLOGIC_X0Y139        OSERDESE2                                    r  transmitter_inst_1/dac_interface_inst_1/serdes_inst_1/oserdese2_inst/CLKDIV
                         clock pessimism              0.480     9.032    
                         clock uncertainty           -0.242     8.790    
    OLOGIC_X0Y139        OSERDESE2 (Setup_oserdese2_CLKDIV_D5)
                                                     -0.625     8.165    transmitter_inst_1/dac_interface_inst_1/serdes_inst_1/oserdese2_inst
  -------------------------------------------------------------------
                         required time                          8.165    
                         arrival time                          -2.263    
  -------------------------------------------------------------------
                         slack                                  5.902    





Min Delay Paths
--------------------------------------------------------------------------------------
Slack (MET) :             0.152ns  (arrival time - required time)
  Source:                 transmitter_inst_1/dac_interface_inst_1/dac_1_reg/C
                            (rising edge-triggered cell FDRE clocked by clk0  {rise@0.000ns fall@5.000ns period=10.000ns})
  Destination:            transmitter_inst_1/dac_interface_inst_1/serdes_inst_1/oserdese2_inst/D2
                            (rising edge-triggered cell OSERDESE2 clocked by clk_100_s  {rise@0.000ns fall@5.000ns period=10.000ns})
  Path Group:             clk_100_s
  Path Type:              Hold (Min at Fast Process Corner)
  Requirement:            0.000ns  (clk_100_s rise@0.000ns - clk0 rise@0.000ns)
  Data Path Delay:        0.667ns  (logic 0.128ns (19.185%)  route 0.539ns (80.814%))
  Logic Levels:           0  
  Clock Path Skew:        0.308ns (DCD - SCD - CPR)
    Destination Clock Delay (DCD):    -0.806ns
    Source Clock Delay      (SCD):    -0.605ns
    Clock Pessimism Removal (CPR):    -0.509ns
  Clock Uncertainty:      0.242ns  ((TSJ^2 + DJ^2)^1/2) / 2 + PE
    Total System Jitter     (TSJ):    0.071ns
    Discrete Jitter          (DJ):    0.145ns
    Phase Error              (PE):    0.162ns

    Location             Delay type                Incr(ns)  Path(ns)    Netlist Resource(s)
  -------------------------------------------------------------------    -------------------
                         (clock clk0 rise edge)       0.000     0.000 r  
    E3                                                0.000     0.000 r  clk_in (IN)
                         net (fo=0)                   0.000     0.000    clk_in
    E3                   IBUF (Prop_ibuf_I_O)         0.250     0.250 r  clkin1_buf/O
                         net (fo=1, routed)           0.440     0.690    clkin1
    MMCME2_ADV_X1Y2      MMCME2_ADV (Prop_mmcme2_adv_CLKIN1_CLKFBOUT)
                                                     -2.379    -1.689 r  dcm_sp_inst/CLKFBOUT
                         net (fo=1, routed)           0.499    -1.190    clk0
    BUFGCTRL_X0Y16       BUFG (Prop_bufg_I_O)         0.026    -1.164 r  bufg_inst2/O
                         net (fo=4200, routed)        0.559    -0.605    transmitter_inst_1/dac_interface_inst_1/clk
    SLICE_X11Y128        FDRE                                         r  transmitter_inst_1/dac_interface_inst_1/dac_1_reg/C
  -------------------------------------------------------------------    -------------------
    SLICE_X11Y128        FDRE (Prop_fdre_C_Q)         0.128    -0.477 r  transmitter_inst_1/dac_interface_inst_1/dac_1_reg/Q
                         net (fo=1, routed)           0.539     0.062    transmitter_inst_1/dac_interface_inst_1/serdes_inst_1/input_1
    OLOGIC_X0Y139        OSERDESE2                                    r  transmitter_inst_1/dac_interface_inst_1/serdes_inst_1/oserdese2_inst/D2
  -------------------------------------------------------------------    -------------------

                         (clock clk_100_s rise edge)
                                                      0.000     0.000 r  
    E3                                                0.000     0.000 r  clk_in (IN)
                         net (fo=0)                   0.000     0.000    clk_in
    E3                   IBUF (Prop_ibuf_I_O)         0.438     0.438 r  clkin1_buf/O
                         net (fo=1, routed)           0.480     0.918    clkin1
    MMCME2_ADV_X1Y2      MMCME2_ADV (Prop_mmcme2_adv_CLKIN1_CLKFBOUT)
                                                     -3.163    -2.245 r  dcm_sp_inst/CLKFBOUT
                         net (fo=1, routed)           0.544    -1.702    clk0
    BUFGCTRL_X0Y16       BUFG (Prop_bufg_I_O)         0.029    -1.673 r  bufg_inst2/O
                         net (fo=4200, routed)        0.903    -0.770    transmitter_inst_1/dac_interface_inst_1/serdes_inst_1/clk
    PLLE2_ADV_X0Y0       PLLE2_ADV (Prop_plle2_adv_CLKIN1_CLKOUT0)
                                                     -1.646    -2.416 r  transmitter_inst_1/dac_interface_inst_1/serdes_inst_1/plle2_base_inst/CLKOUT0
                         net (fo=1, routed)           0.716    -1.700    transmitter_inst_1/dac_interface_inst_1/serdes_inst_1/clk_100_s
    BUFGCTRL_X0Y0        BUFG (Prop_bufg_I_O)         0.029    -1.671 r  transmitter_inst_1/dac_interface_inst_1/serdes_inst_1/bufg_inst_1/O
                         net (fo=1, routed)           0.865    -0.806    transmitter_inst_1/dac_interface_inst_1/serdes_inst_1/clk_100
    OLOGIC_X0Y139        OSERDESE2                                    r  transmitter_inst_1/dac_interface_inst_1/serdes_inst_1/oserdese2_inst/CLKDIV
                         clock pessimism              0.509    -0.297    
                         clock uncertainty            0.242    -0.055    
    OLOGIC_X0Y139        OSERDESE2 (Hold_oserdese2_CLKDIV_D2)
                                                     -0.035    -0.090    transmitter_inst_1/dac_interface_inst_1/serdes_inst_1/oserdese2_inst
  -------------------------------------------------------------------
                         required time                          0.090    
                         arrival time                           0.062    
  -------------------------------------------------------------------
                         slack                                  0.152    





